// Jest Snapshot v1, https://goo.gl/fbAQLP

exports[`WorkCard Component matches snapshot when works are loaded 1`] = `
<DocumentFragment>
  <div
    class="workcard-container"
  >
    <div
      class="workcard-row"
    >
      <div
        class="workcard-title"
      >
        Work 1
      </div>
      <div
        class="workcard-image-wrapper"
      />
      <div
        class="workcard-desc"
      >
        Type 1
      </div>
      <div
        class="workcard-year"
      >
        2020
      </div>
    </div>
    <div
      class="workcard-row"
    >
      <div
        class="workcard-title"
      >
        Work 2
      </div>
      <div
        class="workcard-image-wrapper"
      />
      <div
        class="workcard-desc"
      >
        Type 2
      </div>
      <div
        class="workcard-year"
      >
        2021
      </div>
    </div>
  </div>
</DocumentFragment>
`;
